// Jest Snapshot v1, https://goo.gl/fbAQLP

exports[`ButttonIconLike should match snapshot Component 1`] = `
.emotion-0 {
  padding: 8px 11.2px;
  border-radius: 30px;
  background-color: #921FED;
  border: #921FED;
  box-shadow: 2px 2px 0px 0px #000000;
}

.emotion-0:hover {
  background-color: #A239F4;
  border: #A239F4;
}

.emotion-0:active {
  background-color: #B568F2;
  border: #B568F2;
}

<div>
  <button
    class="emotion-0"
  >
    <test-file-stub
      aria-hidden="true"
      classname="MuiSvgIcon-root MuiSvgIcon-fontSizeMedium css-dfwo49-MuiSvgIcon-root"
      focusable="false"
    />
  </button>
</div>
`;
